FuncDecl
---- Func
FuncHeader
FuncDecl
---- Func
FuncHeader
FuncDecl
---- Func
FuncHeader
===== Global Symbol Table =====

