===== Global Symbol Table =====
ci		float32
rad		float32
area		float32
PI		float32
main	(bool)	none

===== Function main(bool) Symbol Table =====
return		none
unused	bool	param
i		int
f		float32
s		string
b		bool

Program
..VarDecl
....Float32
....Id(ci)
..VarDecl
....Float32
....Id(rad)
..VarDecl
....Float32
....Id(area)
..VarDecl
....Float32
....Id(PI)
..FuncDecl
....FuncHeader
......Id(main)
......FuncParams
........ParamDecl
..........Bool
..........Id(unused)
....FuncBody
......VarDecl
........Int
........Id(i)
......VarDecl
........Float32
........Id(f)
......VarDecl
........String
........Id(s)
......VarDecl
........Bool
........Id(b)
......ParseArgs - float32
........Id(f) - float32
........Id(f) - float32
......ParseArgs - float32
........Id(f) - float32
........Id(i) - int
......ParseArgs - int
........Id(i) - int
........Id(f) - float32
......ParseArgs - int
........Id(i) - int
........Id(i) - int
......Print
........Id(f) - float32
......Print
........Id(i) - int
......Print
........Id(s) - string
......Print
........Id(b) - bool
......Assign
........Id(i)
........Add
..........Id(i) - int
..........Id(f) - float32
......Assign
........Id(i)
........Add
..........Id(f) - float32
..........Id(i) - int
......Assign
........Id(i)
........Add
..........Id(f) - float32
..........Id(f) - float32
......Assign
........Id(i)
........Add
..........Id(b) - bool
..........Id(b) - bool
......Assign
........Id(b)
........Add
..........Id(b) - bool
..........Id(b) - bool
......Assign
........Id(b)
........Gt - bool
..........Id(b) - bool
..........Id(b) - bool
......Assign
........Id(b)
........Le - bool
..........Id(b) - bool
..........Id(b) - bool
......Assign
........Id(b)
........Eq - bool
..........Id(b) - bool
..........Id(b) - bool
......Assign
........Id(b)
........Ne - bool
..........Id(b) - bool
..........Id(b) - bool
......Assign
........Id(i)
........Add
..........Id(s) - string
..........Id(s) - string
