


..............Id(n) - int
..............IntLit(1) - int
............Id(factorial) - (int)
............IntLit(1) - int
............Sub - int
..........Call - int
..........Id(argument) - int
..........Id(factorial) - (int)
..........Id(n)
..........Id(n) - int
..........Id(n) - int
..........Int
..........IntLit(0) - int
..........Return
........Block
........Block
........Call - int
........Eq - bool
........Id(argument)
........Id(argument) - int
........Int
........IntLit(1) - int
........Mul - int
........ParamDecl
......FuncParams
......FuncParams
......Id(factorial)
......Id(main)
......If
......Int
......ParseArgs - int
......Print
......Return
......VarDecl
....FuncBody
....FuncBody
....FuncHeader
....FuncHeader
..FuncDecl
..FuncDecl
===== Function factorial(int) Symbol Table =====
===== Function main() Symbol Table =====
===== Global Symbol Table =====
Program
argument		int
factorial	(int)	int
main	()	none
n		int	param
return		int
return		none
