===== Global Symbol Table =====
ia		int
ib		int
ic		int
id		int
ie		int

