

..................Id(i) - int
..................Id(i) - int
................Id(i) - int
................Id(i) - int
................Id(i) - int
................Mod - int
..............Id(i) - int
..............Id(i) - int
..............Id(i) - int
..............Id(i) - int
..............Mod - int
..............Mul - int
............Div - int
............Id(i) - int
............Mod - int
............Mod - int
..........Add - int
..........Id(b) - bool
..........Id(b) - bool
..........Id(b) - bool
..........Id(b) - bool
..........Id(f) - float32
..........Id(f) - float32
..........Id(f) - float32
..........Id(f) - float32
..........Id(f) - float32
..........Id(f) - float32
..........Id(f) - float32
..........Id(f) - float32
..........Id(i) - int
..........Id(i) - int
..........Id(i) - int
..........Id(i) - int
..........Id(i) - int
..........Id(i) - int
..........Mod - int
........Add - int
........And - bool
........Bool
........Div - int
........Eq - bool
........Eq - bool
........Float32
........Id(b)
........Id(b) - bool
........Id(b) - bool
........Id(b) - bool
........Id(b) - bool
........Id(f)
........Id(f) - float32
........Id(f) - float32
........Id(f) - float32
........Id(f) - float32
........Id(i)
........Id(i) - float32
........Id(i) - int
........Id(i) - int
........Id(i) - int
........Id(i) - int
........Id(i) - int
........Id(s)
........Id(s) - string
........Int
........IntLit(1) - int
........IntLit(1) - int
........Minus - float32
........Mul - float32
........Ne - bool
........Plus - float32
........RealLit(1.1) - float32
........String
........Sub - float32
........Sub - int
......Assign - bool
......Assign - bool
......Assign - bool
......Assign - bool
......Assign - float32
......Assign - float32
......Assign - float32
......Assign - float32
......Assign - float32
......Assign - int
......Assign - int
......Assign - int
......Assign - int
......FuncParams
......Id(main)
......ParseArgs - int
......Print
......VarDecl
......VarDecl
......VarDecl
......VarDecl
....Bool
....Float32
....FuncBody
....FuncHeader
....Id(b)
....Id(f)
....Id(i)
....Id(s)
....Int
....String
..FuncDecl
..VarDecl
..VarDecl
..VarDecl
..VarDecl
===== Function main() Symbol Table =====
===== Global Symbol Table =====
Program
b		bool
b		string
f		float32
f		int
i		float32
i		int
main	()	none
return		none
s		bool
s		string
