===== Global Symbol Table =====
func__	(int,float32)	none
func1	(int,int,float32,float32)	float32
func2	(string)	int
func3	(bool)	int
func4	(int,float32,bool)	float32
main	()	none

===== Function func__(int,float32) Symbol Table =====
return		none
a		int	param
b		float32	param

===== Function func1(int,int,float32,float32) Symbol Table =====
return		float32
a		int	param
b		int	param
c		float32	param
d		float32	param
integer		int

===== Function func2(string) Symbol Table =====
return		int
a		string	param

===== Function func3(bool) Symbol Table =====
return		int
a		bool	param

===== Function func4(int,float32,bool) Symbol Table =====
return		float32
a		int	param
b		float32	param
c		bool	param
a		float32

===== Function main() Symbol Table =====
return		none
a		int
b		int
c		int
d		float32
e		float32
f		float32
g		string
h		string
i		string
j		bool
k		bool
l		bool
toBe		bool

Program
..FuncDecl
....FuncHeader
......Id(func__)
......FuncParams
........ParamDecl
..........Int
..........Id(a)
........ParamDecl
..........Float32
..........Id(b)
....FuncBody
......Return
........IntLit(1) - int
..FuncDecl
....FuncHeader
......Id(func1)
......Float32
......FuncParams
........ParamDecl
..........Int
..........Id(a)
........ParamDecl
..........Int
..........Id(b)
........ParamDecl
..........Float32
..........Id(c)
........ParamDecl
..........Float32
..........Id(d)
....FuncBody
......VarDecl
........Int
........Id(integer)
......Return
........Id(integer) - int
..FuncDecl
....FuncHeader
......Id(func2)
......Int
......FuncParams
........ParamDecl
..........String
..........Id(a)
....FuncBody
..FuncDecl
....FuncHeader
......Id(func3)
......Int
......FuncParams
........ParamDecl
..........Bool
..........Id(a)
....FuncBody
......Return
........IntLit(1) - int
..FuncDecl
....FuncHeader
......Id(func4)
......Float32
......FuncParams
........ParamDecl
..........Int
..........Id(a)
........ParamDecl
..........Float32
..........Id(b)
........ParamDecl
..........Bool
..........Id(c)
....FuncBody
......VarDecl
........Float32
........Id(a)
......Return
........Id(a) - int
..FuncDecl
....FuncHeader
......Id(main)
......FuncParams
....FuncBody
......VarDecl
........Int
........Id(a)
......VarDecl
........Int
........Id(b)
......VarDecl
........Int
........Id(c)
......VarDecl
........Float32
........Id(d)
......VarDecl
........Float32
........Id(e)
......VarDecl
........Float32
........Id(f)
......VarDecl
........String
........Id(g)
......VarDecl
........String
........Id(h)
......VarDecl
........String
........Id(i)
......VarDecl
........Bool
........Id(j)
......VarDecl
........Bool
........Id(k)
......VarDecl
........Bool
........Id(l)
......VarDecl
........Bool
........Id(toBe)
......Call
........Id(f0)
........Id(a) - int
........Id(b) - int
........Id(c) - int
........Id(d) - float32
......Assign
........Id(d) - float32
........Add
..........Call - float32
............Id(func1) - (int,int,float32,float32)
............Id(a) - int
............Id(b) - int
............Id(d) - float32
............Id(e) - float32
..........Call
............Id(f0)
............Id(a) - int
............IntLit(1) - int
............Id(d) - float32
............RealLit(1.0) - float32
......Assign - int
........Id(a) - int
........Call - int
..........Id(func2) - (string)
..........IntLit(1) - int
..........IntLit(1) - int
..........RealLit(1.0) - float32
..........RealLit(1.0) - float32
......ParseArgs - int
........Id(a) - int
........Call - float32
..........Id(func1) - (int,int,float32,float32)
..........Id(a) - int
..........IntLit(123) - int
..........RealLit(.1e1) - float32
..........Id(f) - float32
......Assign
........Id(a) - int
........Id(func2)
......Assign - float32
........Id(f) - float32
........Call - float32
..........Id(func1) - (int,int,float32,float32)
..........Call - int
............Id(func2) - (string)
............Id(g) - string
..........Add - int
............Add - int
..............Id(a) - int
..............Id(b) - int
............Id(c) - int
..........Call - float32
............Id(func1) - (int,int,float32,float32)
............Id(a) - int
............Id(b) - int
............Id(d) - float32
............Id(e) - float32
..........Add
............Add
..............Id(c) - int
..............Id(e) - float32
............Id(f) - float32
......Print
........Call - float32
..........Id(func1) - (int,int,float32,float32)
..........Call - int
............Id(func2) - (string)
............Id(g) - string
..........Add - int
............Add - int
..............Id(a) - int
..............Id(b) - int
............Id(c) - int
..........Call - float32
............Id(func1) - (int,int,float32,float32)
............Id(a) - int
............Id(b) - int
............Id(d) - float32
............Id(e) - float32
..........Add - float32
............Add - float32
..............Id(d) - float32
..............Id(e) - float32
............Id(f) - float32
......ParseArgs - int
........Id(a) - int
........Call - float32
..........Id(func1) - (int,int,float32,float32)
..........Ge - bool
............Id(a) - int
............Id(b) - int
......Assign - float32
........Id(f) - float32
........RealLit(1.1) - float32
......Assign
........Id(a) - int
........RealLit(1.0) - float32
......Call - int
........Id(func3) - (bool)
........Gt - bool
..........Id(j) - bool
..........Id(k) - bool
......Call - int
........Id(func3) - (bool)
........Eq - bool
..........Id(l) - bool
..........Id(j) - bool
......Print
........Or - bool
..........Id(j) - bool
..........And - bool
............Id(k) - bool
............Id(l) - bool
......Call - int
........Id(func3) - (bool)
........Gt - bool
..........Id(a) - int
..........Id(f) - float32
......ParseArgs - float32
........Id(f) - float32
........Id(i) - string
......Call - int
........Id(func3) - (bool)
........Ge - bool
..........Id(a) - int
..........Id(c) - int
......Assign
........Id(a) - int
........Eq - bool
..........IntLit(12) - int
..........IntLit(32) - int
......Print
........StrLit("((What a mess)) ") - string
......Assign - bool
........Id(j) - bool
........Eq - bool
..........IntLit(12) - int
..........IntLit(32) - int
......For
........Block
..........Call - int
............Id(func3) - (bool)
............And - bool
..............Id(f) - float32
..............Id(l) - bool
..........Assign - int
............Id(a) - int
............Add - int
..............Id(b) - int
..............Id(c) - int
..........For
............Eq - bool
..............Id(a) - int
..............Id(c) - int
............Block
..............Call - int
................Id(func3) - (bool)
................Or - bool
..................Id(j) - bool
..................Not - bool
....................Id(l) - bool
..............Assign - float32
................Id(d) - float32
................Add - float32
..................Id(e) - float32
..................Id(f) - float32
..............Assign - int
................Id(a) - int
................Call - int
..................Id(func3) - (bool)
..............For
................Ge - bool
..................Id(j) - bool
..................Id(l) - bool
................Block
..................ParseArgs - int
....................Id(a) - int
....................Call - int
......................Id(func3) - (bool)
......................Ge - bool
........................Id(a) - int
........................Id(b) - int
..................For
....................Id(f) - float32
....................Block
......................If
........................Id(l) - bool
........................Block
..........................Assign - float32
............................Id(d) - float32
............................Id(f) - float32
........................Block
..........................Assign - int
............................Id(a) - int
............................Id(a) - int
..................For
....................Or - bool
......................Id(toBe) - bool
......................Not - bool
........................Id(toBe) - bool
....................Block
......................If
........................Id(toBe) - bool
........................Block
........................Block
..........................If
............................Not - bool
..............................Id(toBe) - bool
............................Block
..............................Print
................................Call
..................................Id(func_)
..................................Id(a) - int
..................................Id(c) - int
..................................Id(e) - float32
............................Block
..............................Assign - bool
................................Id(toBe) - bool
................................Not - bool
..................................Id(toBe) - bool
..............Assign
................Id(noWhereToBeFound)
................Call
..................Id(noWhereToBeFound)
..................Eq - bool
....................Id(a) - int
....................Id(b) - int
..................Id(c) - int
..................Ge - bool
....................Id(d) - float32
....................Id(f) - float32
